core_cm3.h:1323:22:void NVIC_EnableIRQ(IRQn_Type)	16	static
core_cm3.h:1335:22:void NVIC_DisableIRQ(IRQn_Type)	16	static
iocon_15xx.h:95:20:void Chip_IOCON_PinMuxSet(LPC_IOCON_T*, uint8_t, uint8_t, uint32_t)	24	static
swm_15xx.h:232:20:void Chip_SWM_MovablePortPinAssign(CHIP_SWM_PIN_MOVABLE_T, uint8_t, uint8_t)	16	static
ring_buffer.h:103:19:int RingBuffer_GetCount(RINGBUFF_T*)	16	static
ring_buffer.h:133:19:int RingBuffer_IsEmpty(RINGBUFF_T*)	16	static
uart_15xx.h:127:20:void Chip_UART_Enable(LPC_USART_T*)	16	static
uart_15xx.h:147:20:void Chip_UART_TXEnable(LPC_USART_T*)	16	static
uart_15xx.h:170:20:void Chip_UART_SendByte(LPC_USART_T*, uint8_t)	16	static
uart_15xx.h:183:24:uint32_t Chip_UART_ReadByte(LPC_USART_T*)	16	static
uart_15xx.h:197:20:void Chip_UART_IntEnable(LPC_USART_T*, uint32_t)	16	static
uart_15xx.h:210:20:void Chip_UART_IntDisable(LPC_USART_T*, uint32_t)	16	static
uart_15xx.h:252:20:void Chip_UART_ConfigData(LPC_USART_T*, uint32_t)	24	static
UART.cpp:18:6:void UART0_IRQHandler()	8	static
UART.cpp:27:6:void UART1_IRQHandler()	8	static
UART.cpp:36:6:void UART2_IRQHandler()	8	static
UART.cpp:47:6:void FreeRTOS::UART::isr()	24	static
UART.cpp:74:1:FreeRTOS::UART::UART(const FreeRTOS::UART::LpcUartConfig&)	16	static
UART.cpp:157:1:FreeRTOS::UART::~UART()	16	static
UART.cpp:173:5:int FreeRTOS::UART::free()	16	static
UART.cpp:177:6:int FreeRTOS::UART::peek()	16	static
UART.cpp:181:7:char FreeRTOS::UART::read()	24	static
UART.cpp:188:5:int FreeRTOS::UART::write(char)	16	static
UART.cpp:192:5:int FreeRTOS::UART::write(const char*)	16	static
UART.cpp:196:5:int FreeRTOS::UART::write(const char*, int)	32	static
UART.cpp:202:6:void FreeRTOS::UART::speed(int)	16	static
UART.cpp:206:6:bool FreeRTOS::UART::txempty()	16	static
